---
source: tests/case.rs
expression: result

---
Hello case statements with an underscore
