---
source: tests/case.rs
expression: result

---
Hello case statements
