---
source: tests/case.rs
expression: result

---
Hello integer case statements
