---
source: tests/comments.rs
expression: result

---
Hello comments
