---
source: tests/full.rs
expression: result

---
Hello world
