---
source: tests/full.rs
expression: result

---
hello, world
