---
source: tests/full.rs
expression: result

---
True
