---
source: tests/functions.rs
expression: result

---
3
