---
source: tests/imports.rs
expression: result

---
Hello from Impl.Test.Other
