---
source: tests/imports.rs
expression: result

---
Error text not written (81)
