---
source: tests/lists.rs
expression: result

---

