---
source: tests/lists.rs
expression: result

---
Hello, World
