---
source: tests/prelude.rs
expression: result

---
Hello, World
