---
source: tests/types.rs
expression: result

---
Hello with type variable
