---
source: tests/types.rs
expression: result

---
5
