---
source: tests/types.rs
expression: result

---
hello, world with type annotation
